Release 14.7 - xst P.20131013 (nt)
Copyright (c) 1995-2013 Xilinx, Inc.  All rights reserved.
--> Parameter TMPDIR set to xst/projnav.tmp


Total REAL time to Xst completion: 0.00 secs
Total CPU time to Xst completion: 0.13 secs
 
--> Parameter xsthdpdir set to xst


Total REAL time to Xst completion: 0.00 secs
Total CPU time to Xst completion: 0.13 secs
 
--> Reading design: clkdiv.prj

TABLE OF CONTENTS
  1) Synthesis Options Summary
  2) HDL Compilation
  3) Design Hierarchy Analysis
  4) HDL Analysis
  5) HDL Synthesis
     5.1) HDL Synthesis Report
  6) Advanced HDL Synthesis
     6.1) Advanced HDL Synthesis Report
  7) Low Level Synthesis
  8) Partition Report
  9) Final Report
	9.1) Device utilization summary
	9.2) Partition Resource Summary
	9.3) TIMING REPORT


=========================================================================
*                      Synthesis Options Summary                        *
=========================================================================
---- Source Parameters
Input File Name                    : "clkdiv.prj"
Input Format                       : mixed
Ignore Synthesis Constraint File   : NO

---- Target Parameters
Output File Name                   : "clkdiv"
Output Format                      : NGC
Target Device                      : xc3s250e-4-tq144

---- Source Options
Top Module Name                    : clkdiv
Automatic FSM Extraction           : YES
FSM Encoding Algorithm             : Auto
Safe Implementation                : No
FSM Style                          : LUT
RAM Extraction                     : Yes
RAM Style                          : Auto
ROM Extraction                     : Yes
Mux Style                          : Auto
Decoder Extraction                 : YES
Priority Encoder Extraction        : Yes
Shift Register Extraction          : YES
Logical Shifter Extraction         : YES
XOR Collapsing                     : YES
ROM Style                          : Auto
Mux Extraction                     : Yes
Resource Sharing                   : YES
Asynchronous To Synchronous        : NO
Multiplier Style                   : Auto
Automatic Register Balancing       : No

---- Target Options
Add IO Buffers                     : YES
Global Maximum Fanout              : 500
Add Generic Clock Buffer(BUFG)     : 24
Register Duplication               : YES
Slice Packing                      : YES
Optimize Instantiated Primitives   : NO
Use Clock Enable                   : Yes
Use Synchronous Set                : Yes
Use Synchronous Reset              : Yes
Pack IO Registers into IOBs        : Auto
Equivalent register Removal        : YES

---- General Options
Optimization Goal                  : Speed
Optimization Effort                : 1
Keep Hierarchy                     : No
Netlist Hierarchy                  : As_Optimized
RTL Output                         : Yes
Global Optimization                : AllClockNets
Read Cores                         : YES
Write Timing Constraints           : NO
Cross Clock Analysis               : NO
Hierarchy Separator                : /
Bus Delimiter                      : <>
Case Specifier                     : Maintain
Slice Utilization Ratio            : 100
BRAM Utilization Ratio             : 100
Verilog 2001                       : YES
Auto BRAM Packing                  : NO
Slice Utilization Ratio Delta      : 5

=========================================================================


=========================================================================
*                          HDL Compilation                              *
=========================================================================
Compiling verilog file "clkdiv.v" in library work
Module <clkdiv> compiled
No errors in compilation
Analysis of file <"clkdiv.prj"> succeeded.
 

=========================================================================
*                     Design Hierarchy Analysis                         *
=========================================================================
Analyzing hierarchy for module <clkdiv> in library <work>.


=========================================================================
*                            HDL Analysis                               *
=========================================================================
Analyzing top module <clkdiv>.
Module <clkdiv> is correct for synthesis.
 

=========================================================================
*                           HDL Synthesis                               *
=========================================================================

Performing bidirectional port resolution...

Synthesizing Unit <clkdiv>.
    Related source file is "clkdiv.v".
    Found 23-bit up counter for signal <q>.
    Summary:
	inferred   1 Counter(s).
Unit <clkdiv> synthesized.


=========================================================================
HDL Synthesis Report

Macro Statistics
# Counters                                             : 1
 23-bit up counter                                     : 1

=========================================================================

=========================================================================
*                       Advanced HDL Synthesis                          *
=========================================================================


=========================================================================
Advanced HDL Synthesis Report

Macro Statistics
# Counters                                             : 1
 23-bit up counter                                     : 1

=========================================================================

=========================================================================
*                         Low Level Synthesis                           *
=========================================================================

Optimizing unit <clkdiv> ...

Mapping all equations...
Building and optimizing final netlist ...
Found area constraint ratio of 100 (+ 5) on block clkdiv, actual ratio is 0.

Final Macro Processing ...

=========================================================================
Final Register Report

Macro Statistics
# Registers                                            : 23
 Flip-Flops                                            : 23

=========================================================================

=========================================================================
*                           Partition Report                            *
=========================================================================

Partition Implementation Status
-------------------------------

  No Partitions were found in this design.

-------------------------------

=========================================================================
*                            Final Report                               *
=========================================================================
Final Results
RTL Top Level Output File Name     : clkdiv.ngr
Top Level Output File Name         : clkdiv
Output Format                      : NGC
Optimization Goal                  : Speed
Keep Hierarchy                     : No

Design Statistics
# IOs                              : 5

Cell Usage :
# BELS                             : 70
#      GND                         : 1
#      INV                         : 1
#      LUT1                        : 22
#      MUXCY                       : 22
#      VCC                         : 1
#      XORCY                       : 23
# FlipFlops/Latches                : 23
#      FDC                         : 23
# Clock Buffers                    : 1
#      BUFGP                       : 1
# IO Buffers                       : 4
#      IBUF                        : 1
#      OBUF                        : 3
=========================================================================

Device utilization summary:
---------------------------

Selected Device : 3s250etq144-4 

 Number of Slices:                       12  out of   2448     0%  
 Number of Slice Flip Flops:             23  out of   4896     0%  
 Number of 4 input LUTs:                 23  out of   4896     0%  
 Number of IOs:                           5
 Number of bonded IOBs:                   5  out of    108     4%  
 Number of GCLKs:                         1  out of     24     4%  

---------------------------
Partition Resource Summary:
---------------------------

  No Partitions were found in this design.

---------------------------


=========================================================================
TIMING REPORT

NOTE: THESE TIMING NUMBERS ARE ONLY A SYNTHESIS ESTIMATE.
      FOR ACCURATE TIMING INFORMATION PLEASE REFER TO THE TRACE REPORT
      GENERATED AFTER PLACE-and-ROUTE.

Clock Information:
------------------
-----------------------------------+------------------------+-------+
Clock Signal                       | Clock buffer(FF name)  | Load  |
-----------------------------------+------------------------+-------+
clk                                | BUFGP                  | 23    |
-----------------------------------+------------------------+-------+

Asynchronous Control Signals Information:
----------------------------------------
-----------------------------------+------------------------+-------+
Control Signal                     | Buffer(FF name)        | Load  |
-----------------------------------+------------------------+-------+
clr                                | IBUF                   | 23    |
-----------------------------------+------------------------+-------+

Timing Summary:
---------------
Speed Grade: -4

   Minimum period: 4.646ns (Maximum Frequency: 215.239MHz)
   Minimum input arrival time before clock: No path found
   Maximum output required time after clock: 4.310ns
   Maximum combinational path delay: No path found

Timing Detail:
--------------
All values displayed in nanoseconds (ns)

=========================================================================
Timing constraint: Default period analysis for Clock 'clk'
  Clock period: 4.646ns (frequency: 215.239MHz)
  Total number of paths / destination ports: 276 / 23
-------------------------------------------------------------------------
Delay:               4.646ns (Levels of Logic = 23)
  Source:            q_1 (FF)
  Destination:       q_22 (FF)
  Source Clock:      clk rising
  Destination Clock: clk rising

  Data Path: q_1 to q_22
                                Gate     Net
    Cell:in->out      fanout   Delay   Delay  Logical Name (Net Name)
    ----------------------------------------  ------------
     FDC:C->Q              1   0.591   0.595  q_1 (Q_1)
     LUT1:I0->O            1   0.704   0.000  Mcount_q_cy<1>_rt (Mcount_q_cy<1>_rt)
     MUXCY:S->O            1   0.464   0.000  Mcount_q_cy<1> (Mcount_q_cy<1>)
     MUXCY:CI->O           1   0.059   0.000  Mcount_q_cy<2> (Mcount_q_cy<2>)
     MUXCY:CI->O           1   0.059   0.000  Mcount_q_cy<3> (Mcount_q_cy<3>)
     MUXCY:CI->O           1   0.059   0.000  Mcount_q_cy<4> (Mcount_q_cy<4>)
     MUXCY:CI->O           1   0.059   0.000  Mcount_q_cy<5> (Mcount_q_cy<5>)
     MUXCY:CI->O           1   0.059   0.000  Mcount_q_cy<6> (Mcount_q_cy<6>)
     MUXCY:CI->O           1   0.059   0.000  Mcount_q_cy<7> (Mcount_q_cy<7>)
     MUXCY:CI->O           1   0.059   0.000  Mcount_q_cy<8> (Mcount_q_cy<8>)
     MUXCY:CI->O           1   0.059   0.000  Mcount_q_cy<9> (Mcount_q_cy<9>)
     MUXCY:CI->O           1   0.059   0.000  Mcount_q_cy<10> (Mcount_q_cy<10>)
     MUXCY:CI->O           1   0.059   0.000  Mcount_q_cy<11> (Mcount_q_cy<11>)
     MUXCY:CI->O           1   0.059   0.000  Mcount_q_cy<12> (Mcount_q_cy<12>)
     MUXCY:CI->O           1   0.059   0.000  Mcount_q_cy<13> (Mcount_q_cy<13>)
     MUXCY:CI->O           1   0.059   0.000  Mcount_q_cy<14> (Mcount_q_cy<14>)
     MUXCY:CI->O           1   0.059   0.000  Mcount_q_cy<15> (Mcount_q_cy<15>)
     MUXCY:CI->O           1   0.059   0.000  Mcount_q_cy<16> (Mcount_q_cy<16>)
     MUXCY:CI->O           1   0.059   0.000  Mcount_q_cy<17> (Mcount_q_cy<17>)
     MUXCY:CI->O           1   0.059   0.000  Mcount_q_cy<18> (Mcount_q_cy<18>)
     MUXCY:CI->O           1   0.059   0.000  Mcount_q_cy<19> (Mcount_q_cy<19>)
     MUXCY:CI->O           1   0.059   0.000  Mcount_q_cy<20> (Mcount_q_cy<20>)
     MUXCY:CI->O           0   0.059   0.000  Mcount_q_cy<21> (Mcount_q_cy<21>)
     XORCY:CI->O           1   0.804   0.000  Mcount_q_xor<22> (Result<22>)
     FDC:D                     0.308          q_22
    ----------------------------------------
    Total                      4.646ns (4.051ns logic, 0.595ns route)
                                       (87.2% logic, 12.8% route)

=========================================================================
Timing constraint: Default OFFSET OUT AFTER for Clock 'clk'
  Total number of paths / destination ports: 3 / 3
-------------------------------------------------------------------------
Offset:              4.310ns (Levels of Logic = 1)
  Source:            q_22 (FF)
  Destination:       clk1 (PAD)
  Source Clock:      clk rising

  Data Path: q_22 to clk1
                                Gate     Net
    Cell:in->out      fanout   Delay   Delay  Logical Name (Net Name)
    ----------------------------------------  ------------
     FDC:C->Q              2   0.591   0.447  q_22 (q_22)
     OBUF:I->O                 3.272          clk1_OBUF (clk1)
    ----------------------------------------
    Total                      4.310ns (3.863ns logic, 0.447ns route)
                                       (89.6% logic, 10.4% route)

=========================================================================


Total REAL time to Xst completion: 8.00 secs
Total CPU time to Xst completion: 7.91 secs
 
--> 

Total memory usage is 203472 kilobytes

Number of errors   :    0 (   0 filtered)
Number of warnings :    0 (   0 filtered)
Number of infos    :    0 (   0 filtered)

